// Jest Snapshot v1, https://goo.gl/fbAQLP

exports[`Card should render correctly 1`] = `
<div>
  <div
    class="card card-light"
  >
    <img
      alt="song img"
      src="https://i.scdn.co/image/ab67616d0000b27386a8ab515de4b7aef28cd631"
    />
    <div
      class="song-user"
    >
      <div
        class="song-info"
      >
        <p
          class="song-name"
        >
          Lost
        </p>
        <p
          class="song-artist"
        >
          Maroon 5
        </p>
      </div>
      <div
        class="like"
      >
        <div>
          <button
            class="btn-like"
          >
            0
          </button>
        </div>
      </div>
    </div>
  </div>
</div>
`;
